============================= test session starts =============================
platform win32 -- Python 3.13.7, pytest-9.0.2, pluggy-1.6.0 -- C:\Users\miche\AppData\Local\Programs\Python\Python313\python.exe
cachedir: .pytest_cache
rootdir: c:\temp\pgmcp
configfile: pyproject.toml
plugins: anyio-4.12.1, asyncio-1.3.0, cov-7.0.0, xdist-3.8.0
asyncio: mode=Mode.STRICT, debug=False, asyncio_default_fixture_loop_scope=None, asyncio_default_test_loop_scope=function
created: 8/8 workers
8 workers [5 items]

scheduling tests via LoadScheduling

tests/mcp_server/unit/server/test_bootstrap.py::TestServerBootstrapperConfigsAndManagers::test_bootstrapper_initialization 
tests/mcp_server/unit/server/test_bootstrap.py::TestBootstrap::test_manager_graph_immutability 
tests/mcp_server/unit/server/test_bootstrap.py::TestBootstrap::test_config_layer_immutability 
tests/mcp_server/unit/server/test_bootstrap.py::TestServerBootstrapperConfigsAndManagers::test_bootstrapper_bootstrap_returns_mcpserver 
tests/mcp_server/unit/server/test_bootstrap.py::TestServerBootstrapperConfigsAndManagers::test_build_config_layer 
[gw2] [ 20%] PASSED tests/mcp_server/unit/server/test_bootstrap.py::TestServerBootstrapperConfigsAndManagers::test_bootstrapper_initialization 
[gw1] [ 40%] PASSED tests/mcp_server/unit/server/test_bootstrap.py::TestBootstrap::test_manager_graph_immutability 
[gw4] [ 60%] PASSED tests/mcp_server/unit/server/test_bootstrap.py::TestServerBootstrapperConfigsAndManagers::test_build_config_layer 
[gw0] [ 80%] PASSED tests/mcp_server/unit/server/test_bootstrap.py::TestBootstrap::test_config_layer_immutability 
[gw3] [100%] PASSED tests/mcp_server/unit/server/test_bootstrap.py::TestServerBootstrapperConfigsAndManagers::test_bootstrapper_bootstrap_returns_mcpserver 

============================== 5 passed in 5.54s ==============================
